EN bcd2ascii NULL C:/Users/taara/tp5final/tp5final/src/bcd2ascii.vhd sub00/vhpl04 1460167596
EN deb NULL C:/Users/taara/tp5final/tp5final/src/deb.vhd sub00/vhpl12 1460167604
EN timekeeper NULL C:/Users/taara/tp5final/tp5final/src/timekeeper.vhd sub00/vhpl14 1460167606
AR timekeeper a C:/Users/taara/tp5final/tp5final/src/timekeeper.vhd sub00/vhpl15 1460167607
AR colongen a C:/Users/taara/tp5final/tp5final/src/colongen.vhd sub00/vhpl27 1460167619
AR clk1hz a C:/Users/taara/tp5final/tp5final/src/clk1hz.vhd sub00/vhpl03 1460167595
AR asciizero2space a C:/Users/taara/tp5final/tp5final/src/asciizero2space.vhd sub00/vhpl07 1460167599
AR bcd2ascii a C:/Users/taara/tp5final/tp5final/src/bcd2ascii.vhd sub00/vhpl05 1460167597
AR hd44780_8chars_2lines arch C:/Users/taara/tp5final/tp5final/src/hd44780_8chars_2lines.vhd sub00/vhpl17 1460167609
AR spacegen a C:/Users/taara/tp5final/tp5final/src/spacegen.vhd sub00/vhpl19 1460167611
AR timer a C:/Users/taara/tp5final/tp5final/src/timer.vhd sub00/vhpl23 1460167615
AR buzzer a C:/Users/taara/tp5final/tp5final/src/buzzer.vhd sub00/vhpl21 1460167613
EN hd44780_simple NULL C:/Users/taara/tp5final/tp5final/src/hd44780_simple.vhd sub00/vhpl00 1460167592
EN top NULL C:/Users/taara/tp5final/tp5final/compile/top.vhd sub00/vhpl28 1460167620
EN asciizero2space NULL C:/Users/taara/tp5final/tp5final/src/asciizero2space.vhd sub00/vhpl06 1460167598
EN hd44780_8chars_2lines NULL C:/Users/taara/tp5final/tp5final/src/hd44780_8chars_2lines.vhd sub00/vhpl16 1460167608
AR bin2bcd2d a C:/Users/taara/tp5final/tp5final/src/bin2bcd2d.vhd sub00/vhpl09 1460167601
AR oventimetimerfsm a C:/Users/taara/tp5final/tp5final/src/oventimetimerfsm.vhd sub00/vhpl25 1460167617
AR top top C:/Users/taara/tp5final/tp5final/compile/top.vhd sub00/vhpl29 1460167621
AR pulsegen a C:/Users/taara/tp5final/tp5final/src/pulsegen.vhd sub00/vhpl11 1460167603
EN spacegen NULL C:/Users/taara/tp5final/tp5final/src/spacegen.vhd sub00/vhpl18 1460167610
EN clk1hz NULL C:/Users/taara/tp5final/tp5final/src/clk1hz.vhd sub00/vhpl02 1460167594
EN buzzer NULL C:/Users/taara/tp5final/tp5final/src/buzzer.vhd sub00/vhpl20 1460167612
AR deb a C:/Users/taara/tp5final/tp5final/src/deb.vhd sub00/vhpl13 1460167605
AR hd44780_simple arch C:/Users/taara/tp5final/tp5final/src/hd44780_simple.vhd sub00/vhpl01 1460167593
EN colongen NULL C:/Users/taara/tp5final/tp5final/src/colongen.vhd sub00/vhpl26 1460167618
EN oventimetimerfsm NULL C:/Users/taara/tp5final/tp5final/src/oventimetimerfsm.vhd sub00/vhpl24 1460167616
EN bin2bcd2d NULL C:/Users/taara/tp5final/tp5final/src/bin2bcd2d.vhd sub00/vhpl08 1460167600
EN timer NULL C:/Users/taara/tp5final/tp5final/src/timer.vhd sub00/vhpl22 1460167614
EN pulsegen NULL C:/Users/taara/tp5final/tp5final/src/pulsegen.vhd sub00/vhpl10 1460167602
