V3 59
FL C:/Users/taara/tp5final/tp5final/compile/top.vhd 2016/04/08.18:59:48 P.49d
EN tp5final/top 1460167620 FL C:/Users/taara/tp5final/tp5final/compile/top.vhd \
      PB ieee/std_logic_1164 1354696159 PB ieee/std_logic_arith 1354696160 \
      PB ieee/STD_LOGIC_SIGNED 1354696161 PB ieee/STD_LOGIC_UNSIGNED 1354696162
AR tp5final/top/top 1460167621 \
      FL C:/Users/taara/tp5final/tp5final/compile/top.vhd EN tp5final/top 1460167620 \
      CP clk1hz CP bcd2ascii CP asciizero2space CP bin2bcd2d CP pulsegen CP deb \
      CP timekeeper CP hd44780_8chars_2lines CP spacegen CP buzzer CP timer \
      CP oventimetimerfsm CP colongen
FL C:/Users/taara/tp5final/tp5final/src/asciizero2space.vhd 2013/11/14.19:51:52 P.49d
EN tp5final/asciizero2space 1460167598 \
      FL C:/Users/taara/tp5final/tp5final/src/asciizero2space.vhd \
      PB ieee/std_logic_1164 1354696159
AR tp5final/asciizero2space/a 1460167599 \
      FL C:/Users/taara/tp5final/tp5final/src/asciizero2space.vhd \
      EN tp5final/asciizero2space 1460167598
FL C:/Users/taara/tp5final/tp5final/src/bcd2ascii.vhd 2013/11/14.19:48:18 P.49d
EN tp5final/bcd2ascii 1460167596 \
      FL C:/Users/taara/tp5final/tp5final/src/bcd2ascii.vhd \
      PB ieee/std_logic_1164 1354696159 PB ieee/NUMERIC_STD 1354696164
AR tp5final/bcd2ascii/a 1460167597 \
      FL C:/Users/taara/tp5final/tp5final/src/bcd2ascii.vhd EN tp5final/bcd2ascii 1460167596
FL C:/Users/taara/tp5final/tp5final/src/bin2bcd2d.vhd 2013/11/14.19:48:02 P.49d
EN tp5final/bin2bcd2d 1460167600 \
      FL C:/Users/taara/tp5final/tp5final/src/bin2bcd2d.vhd \
      PB ieee/std_logic_1164 1354696159 PB ieee/NUMERIC_STD 1354696164
AR tp5final/bin2bcd2d/a 1460167601 \
      FL C:/Users/taara/tp5final/tp5final/src/bin2bcd2d.vhd EN tp5final/bin2bcd2d 1460167600
FL C:/Users/taara/tp5final/tp5final/src/buzzer.vhd 2013/11/17.13:58:46 P.49d
EN tp5final/buzzer 1460167612 FL C:/Users/taara/tp5final/tp5final/src/buzzer.vhd \
      PB ieee/std_logic_1164 1354696159
AR tp5final/buzzer/a 1460167613 \
      FL C:/Users/taara/tp5final/tp5final/src/buzzer.vhd EN tp5final/buzzer 1460167612
FL C:/Users/taara/tp5final/tp5final/src/clk1hz.vhd 2013/11/17.13:01:34 P.49d
EN tp5final/clk1hz 1460167594 FL C:/Users/taara/tp5final/tp5final/src/clk1hz.vhd \
      PB ieee/std_logic_1164 1354696159
AR tp5final/clk1hz/a 1460167595 \
      FL C:/Users/taara/tp5final/tp5final/src/clk1hz.vhd EN tp5final/clk1hz 1460167594
FL C:/Users/taara/tp5final/tp5final/src/colongen.vhd 2013/11/14.19:45:36 P.49d
EN tp5final/colongen 1460167618 \
      FL C:/Users/taara/tp5final/tp5final/src/colongen.vhd PB ieee/std_logic_1164 1354696159
AR tp5final/colongen/a 1460167619 \
      FL C:/Users/taara/tp5final/tp5final/src/colongen.vhd EN tp5final/colongen 1460167618
FL C:/Users/taara/tp5final/tp5final/src/deb.vhd 2013/11/14.21:48:16 P.49d
EN tp5final/deb 1460167604 FL C:/Users/taara/tp5final/tp5final/src/deb.vhd \
      PB ieee/std_logic_1164 1354696159
AR tp5final/deb/a 1460167605 \
      FL C:/Users/taara/tp5final/tp5final/src/deb.vhd EN tp5final/deb 1460167604
FL C:/Users/taara/tp5final/tp5final/src/hd44780_8chars_2lines.vhd 2011/08/09.18:15:34 P.49d
EN tp5final/hd44780_8chars_2lines 1460167608 \
      FL C:/Users/taara/tp5final/tp5final/src/hd44780_8chars_2lines.vhd \
      PB ieee/std_logic_1164 1354696159 PB ieee/NUMERIC_STD 1354696164
AR tp5final/hd44780_8chars_2lines/arch 1460167609 \
      FL C:/Users/taara/tp5final/tp5final/src/hd44780_8chars_2lines.vhd \
      EN tp5final/hd44780_8chars_2lines 1460167608 CP hd44780_simple
FL C:/Users/taara/tp5final/tp5final/src/hd44780_simple.vhd 2013/11/17.12:45:02 P.49d
EN tp5final/hd44780_simple 1460167592 \
      FL C:/Users/taara/tp5final/tp5final/src/hd44780_simple.vhd \
      PB ieee/std_logic_1164 1354696159 PB ieee/NUMERIC_STD 1354696164
AR tp5final/hd44780_simple/arch 1460167593 \
      FL C:/Users/taara/tp5final/tp5final/src/hd44780_simple.vhd \
      EN tp5final/hd44780_simple 1460167592
FL C:/Users/taara/tp5final/tp5final/src/oventimetimerfsm.vhd 2016/04/08.18:59:13 P.49d
EN tp5final/oventimetimerfsm 1460167616 \
      FL C:/Users/taara/tp5final/tp5final/src/oventimetimerfsm.vhd \
      PB ieee/std_logic_1164 1354696159
AR tp5final/oventimetimerfsm/a 1460167617 \
      FL C:/Users/taara/tp5final/tp5final/src/oventimetimerfsm.vhd \
      EN tp5final/oventimetimerfsm 1460167616
FL C:/Users/taara/tp5final/tp5final/src/pulsegen.vhd 2016/04/08.22:06:12 P.49d
EN tp5final/pulsegen 1460167602 \
      FL C:/Users/taara/tp5final/tp5final/src/pulsegen.vhd PB ieee/std_logic_1164 1354696159
AR tp5final/pulsegen/a 1460167603 \
      FL C:/Users/taara/tp5final/tp5final/src/pulsegen.vhd EN tp5final/pulsegen 1460167602
FL C:/Users/taara/tp5final/tp5final/src/spacegen.vhd 2013/11/17.13:36:16 P.49d
EN tp5final/spacegen 1460167610 \
      FL C:/Users/taara/tp5final/tp5final/src/spacegen.vhd PB ieee/std_logic_1164 1354696159
AR tp5final/spacegen/a 1460167611 \
      FL C:/Users/taara/tp5final/tp5final/src/spacegen.vhd EN tp5final/spacegen 1460167610
FL C:/Users/taara/tp5final/tp5final/src/timekeeper.vhd 2016/04/08.21:48:36 P.49d
EN tp5final/timekeeper 1460167606 \
      FL C:/Users/taara/tp5final/tp5final/src/timekeeper.vhd \
      PB ieee/std_logic_1164 1354696159 PB ieee/NUMERIC_STD 1354696164
AR tp5final/timekeeper/a 1460167607 \
      FL C:/Users/taara/tp5final/tp5final/src/timekeeper.vhd \
      EN tp5final/timekeeper 1460167606
FL C:/Users/taara/tp5final/tp5final/src/timer.vhd 2016/04/08.19:30:23 P.49d
EN tp5final/timer 1460167614 FL C:/Users/taara/tp5final/tp5final/src/timer.vhd \
      PB ieee/std_logic_1164 1354696159 PB ieee/NUMERIC_STD 1354696164
AR tp5final/timer/a 1460167615 \
      FL C:/Users/taara/tp5final/tp5final/src/timer.vhd EN tp5final/timer 1460167614
